CREATE SOURCE TABLE table1 (column1 VARCHAR, column2 DOUBLE, column3 DOUBLE) WITH (KAFKA_TOPIC='[string]', VALUE_FORMAT='[string]');