INSERT INTO stream1 (column1, column2, column3) VALUES ('0' ,'[string]' ,'[string]');