CREATE TYPE type AS STRUCT<INTEGER, VARCHAR, VARCHAR>;