CREATE TABLE table1 (column1 INT PRIMARY KEY, column2 INT, column3 INT) WITH (KAFKA_TOPIC='[string]', VALUE_FORMAT='[string]');
CREATE TABLE table2 (column1 INT PRIMARY KEY, column2 BIGINT) WITH (KAFKA_TOPIC='[string]', KEY_FORMAT='[string]', VALUE_FORMAT='[string]');
CREATE STREAM stream1 (column1 INT KEY, column2 INT) WITH (KAFKA_TOPIC='[string]', KEY_FORMAT='[string]', VALUE_FORMAT='[string]');
CREATE STREAM stream2 (column1 BIGINT KEY, column9 STRING) WITH (KAFKA_TOPIC='[string]', VALUE_FORMAT='[string]');
CREATE STREAM stream3 (column1 BIGINT KEY, column9 VARCHAR, column12 BIGINT) WITH (KAFKA_TOPIC='[string]', VALUE_FORMAT='[string]');
CREATE STREAM stream4 (column1 INT KEY, column14 STRING) WITH (KAFKA_TOPIC='[string]', VALUE_FORMAT='[string]');
CREATE STREAM stream5 (column15 STRING KEY, column16 BIGINT, column17 VARCHAR) WITH (KAFKA_TOPIC='[string]', VALUE_FORMAT='[string]');
CREATE STREAM stream6 (column15 STRING KEY, column19 VARCHAR) WITH (KAFKA_TOPIC='[string]', VALUE_FORMAT='[string]');
CREATE TABLE table2 (column1 BIGINT PRIMARY KEY, column9 VARCHAR) WITH (KAFKA_TOPIC='[string]', KEY_FORMAT='[string]', VALUE_FORMAT='[string]');
CREATE STREAM stream7 (column1 STRING KEY, column23 DOUBLE, column24 INT) WITH (KAFKA_TOPIC='[string]', VALUE_FORMAT='[string]');
CREATE STREAM stream1 (column1 INT KEY, column15 INT, column2 BIGINT) WITH (KAFKA_TOPIC='[string]', VALUE_FORMAT='[string]');
CREATE TABLE table4 (column1 BIGINT PRIMARY KEY, column9 VARCHAR, column12 BIGINT) WITH (KAFKA_TOPIC='[string]', VALUE_FORMAT='[string]');
CREATE STREAM stream7 (column1 STRING KEY, column23 STRING, column24 INT) WITH (KAFKA_TOPIC='[string]', VALUE_FORMAT='[string]');
CREATE STREAM stream1 (column1 INT KEY, column2 BIGINT) WITH (KAFKA_TOPIC='[string]', KEY_FORMAT='[string]', VALUE_FORMAT='[string]');
CREATE TABLE table5 (column1 INT PRIMARY KEY, column37 STRING) WITH (KAFKA_TOPIC='[string]', KEY_FORMAT='[string]', VALUE_FORMAT='[string]');
CREATE STREAM stream11 (column15 STRING, column19 VARCHAR) WITH (KAFKA_TOPIC='[string]', VALUE_FORMAT='[string]');
CREATE STREAM stream7 (column1 STRING KEY, column23 ARRAY<INT>, column24 INT) WITH (KAFKA_TOPIC='[string]', FORMAT='[string]');
CREATE STREAM stream3 (column1 BIGINT KEY, column9 VARCHAR, column12 BIGINT) WITH (KAFKA_TOPIC='[string]', VALUE_FORMAT='[string]');
CREATE STREAM stream14 (column1 STRING KEY, column47 DECIMAL) WITH (KAFKA_TOPIC='[string]', VALUE_FORMAT='[string]');
CREATE STREAM stream3 (column1 BIGINT KEY, column9 VARCHAR, column12 BIGINT) WITH (KAFKA_TOPIC='[string]', VALUE_FORMAT='[string]');
CREATE STREAM stream4 (column15 STRING KEY, column1 VARCHAR) WITH (KAFKA_TOPIC='[string]', VALUE_FORMAT='[string]');
CREATE TABLE table4 (column1 BIGINT PRIMARY KEY, column9 VARCHAR, column12 BIGINT) WITH (KAFKA_TOPIC='[string]', VALUE_FORMAT='[string]');
CREATE STREAM stream1 (column1 BIGINT KEY, column9 VARCHAR, column58 BIGINT) WITH (TIMESTAMP='[string]', KAFKA_TOPIC='[string]', VALUE_FORMAT='[string]');
CREATE STREAM stream7 (column1 STRING KEY, column23 BIGINT, column24 INT) WITH (KAFKA_TOPIC='[string]', VALUE_FORMAT='[string]');
CREATE STREAM stream3 (column1 BIGINT KEY, column9 VARCHAR, column12 BIGINT) WITH (KAFKA_TOPIC='[string]', VALUE_FORMAT='[string]');
CREATE STREAM stream1 (column1 BIGINT KEY, column9 STRING) WITH (WRAP_SINGLE_VALUE='false', KAFKA_TOPIC='[string]', VALUE_FORMAT='[string]');
CREATE STREAM stream1 WITH (KAFKA_TOPIC='[string]', FORMAT='[string]');
CREATE TABLE table2 (column1 BIGINT PRIMARY KEY, column9 STRING) WITH (WRAP_SINGLE_VALUE='false', KAFKA_TOPIC='[string]', VALUE_FORMAT='[string]');
CREATE STREAM stream7 (column16 INT KEY, column17 INT, column71 INT) WITH (KAFKA_TOPIC='[string]', VALUE_FORMAT='[string]');
CREATE STREAM stream7 (column1 STRING KEY, column23 STRUCT<INT, STRING>, column24 INT) WITH (KAFKA_TOPIC='[string]', FORMAT='[string]');
CREATE TABLE table8 (column1 VARCHAR PRIMARY KEY, column76 VARCHAR) WITH (KAFKA_TOPIC='[string]', VALUE_FORMAT='[string]');
CREATE STREAM stream1 (column1 INT KEY, column2 BIGINT) WITH (KAFKA_TOPIC='[string]', KEY_FORMAT='[string]', VALUE_FORMAT='[string]');
CREATE STREAM stream11 (column15 STRING KEY, column19 VARCHAR) WITH (KAFKA_TOPIC='[string]', VALUE_FORMAT='[string]');
CREATE STREAM stream7 (column1 INT KEY, column82 BIGINT) WITH (KAFKA_TOPIC='[string]', VALUE_FORMAT='[string]');
CREATE STREAM stream3 (column83 BIGINT KEY, column9 VARCHAR) WITH (KAFKA_TOPIC='[string]', VALUE_FORMAT='[string]');
CREATE STREAM stream1 (column1 INT KEY, column2 INT) WITH (KAFKA_TOPIC='[string]', KEY_FORMAT='[string]', VALUE_FORMAT='[string]');
CREATE STREAM stream14 (column15 STRING KEY, column88 ARRAY<VARCHAR>) WITH (KAFKA_TOPIC='[string]', VALUE_FORMAT='[string]');
CREATE STREAM stream30 (column15 STRING KEY, column90 BIGINT) WITH (KAFKA_TOPIC='[string]', VALUE_FORMAT='[string]');
CREATE STREAM stream31 (column91 INT KEY, column92 INT) WITH (KAFKA_TOPIC='[string]', VALUE_FORMAT='[string]');
CREATE TABLE table9 (column1 BIGINT PRIMARY KEY, column9 VARCHAR, column58 BIGINT) WITH (TIMESTAMP='[string]', KAFKA_TOPIC='[string]', VALUE_FORMAT='[string]');
CREATE STREAM stream1 (column1 INT KEY, column47 BIGINT) WITH (KAFKA_TOPIC='[string]', KEY_FORMAT='[string]', VALUE_FORMAT='[string]', WINDOW_TYPE='[string]', WINDOW_SIZE='[string]');
CREATE TABLE table2 (column1 BIGINT PRIMARY KEY, column9 STRING) WITH (KAFKA_TOPIC='[string]', VALUE_FORMAT='[string]');
CREATE STREAM stream7 (column1 STRING KEY, column23 INT, column24 INT) WITH (KAFKA_TOPIC='[string]', VALUE_FORMAT='[string]');
CREATE STREAM stream3 (column15 STRING KEY, column1 BIGINT, column9 VARCHAR, column12 BIGINT) WITH (KAFKA_TOPIC='[string]', VALUE_FORMAT='[string]');
CREATE STREAM stream1 (column1 INT KEY, column2 BIGINT) WITH (KAFKA_TOPIC='[string]', KEY_FORMAT='[string]', VALUE_FORMAT='[string]');
CREATE STREAM stream7 (column1 STRING KEY, column23 BIGINT, column24 INT) WITH (KAFKA_TOPIC='[string]', VALUE_FORMAT='[string]');
CREATE STREAM stream1 (column1 INT KEY, column15 INT, column2 BIGINT) WITH (KAFKA_TOPIC='[string]', VALUE_FORMAT='[string]');
CREATE STREAM stream1 (column16 INT KEY, column17 INT) WITH (KAFKA_TOPIC='[string]', VALUE_FORMAT='[string]');
CREATE TABLE table2 (column1 INT PRIMARY KEY, column2 BIGINT) WITH (KAFKA_TOPIC='[string]', KEY_FORMAT='[string]', VALUE_FORMAT='[string]');
CREATE STREAM stream1 (column1 INT KEY, column16 BIGINT, column17 STRUCT<INT>) WITH (KAFKA_TOPIC='[string]', VALUE_FORMAT='[string]');
EXPLAIN SELECT * FROM source1;
DROP STREAM IF EXISTS stream6;
INSERT INTO stream41 SELECT column122, column123, column124 FROM source2 INNER JOIN source3 WITHIN '0' SECOND ON anonKey1=anonKey2;
DROP STREAM stream6;
INSERT INTO stream43 SELECT column124, column126 FROM source4;
INSERT INTO stream44 SELECT * FROM source4;
INSERT INTO stream41 SELECT * FROM source3;
INSERT INTO stream41 SELECT column122, column128, column129 FROM source2 INNER JOIN source3 WITHIN '0' SECOND ON anonKey1=anonKey2;
DROP STREAM IF EXISTS stream6;