[ {
  "@type" : "executionPlan",
  "statementText" : "Test Execution Plan",
  "warnings" : [ ],
  "executionPlan" : "Test Execution Plan"
} ]
