[ {
  "@type" : "assert_topic",
  "statementText" : "statement",
  "topicName" : "name",
  "exists" : false,
  "warnings" : [ ]
} ]
