[ {
  "@type" : "properties",
  "statementText" : "e",
  "properties" : [ {
    "name" : "k1",
    "scope" : "KSQL",
    "value" : "1",
    "internal" : false,
    "level" : "SERVER"
  }, {
    "name" : "k2",
    "scope" : "KSQL",
    "value" : "v2",
    "internal" : false,
    "level" : "SERVER"
  }, {
    "name" : "k3",
    "scope" : "KSQL",
    "value" : "true",
    "internal" : false,
    "level" : "SERVER"
  } ],
  "overwrittenProperties" : [ ],
  "defaultProperties" : [ ],
  "warnings" : [ ]
} ]
