[ {
  "statementText" : "statementText",
  "errorMessage" : "{\"foo\":\"bar\",\"message\":\"a really really really really really really really really really really really really really really really really really really really really  long message\"}",
  "warnings" : [ ]
} ]
