[ {
  "@type" : "connector_description",
  "statementText" : "STATEMENT",
  "connectorClass" : "io.confluent.Connector",
  "status" : {
    "name" : "name",
    "connector" : {
      "state" : "state",
      "worker_id" : "worker",
      "trace" : "msg"
    },
    "tasks" : [ {
      "id" : 0,
      "state" : "task",
      "worker_id" : "worker",
      "trace" : "task_msg"
    } ],
    "type" : "source"
  },
  "sources" : [ {
    "name" : "TestSource",
    "windowType" : null,
    "readQueries" : [ ],
    "writeQueries" : [ ],
    "fields" : [ {
      "name" : "ROWKEY",
      "schema" : {
        "type" : "STRING",
        "fields" : null,
        "memberSchema" : null
      },
      "type" : "KEY"
    }, {
      "name" : "f_0",
      "schema" : {
        "type" : "INTEGER",
        "fields" : null,
        "memberSchema" : null
      }
    }, {
      "name" : "f_1",
      "schema" : {
        "type" : "STRING",
        "fields" : null,
        "memberSchema" : null
      }
    } ],
    "type" : "TABLE",
    "timestamp" : "2000-01-01",
    "statistics" : "The statistics field is deprecated and will be removed in a future version of ksql. Please update your client to the latest version and use statisticsMap instead.\nstats",
    "errorStats" : "The errorStats field is deprecated and will be removed in a future version of ksql. Please update your client to the latest version and use errorStatsMap instead.\nerrors\n",
    "statisticsMap" : {
      "TEST" : {
        "name" : "TEST",
        "value" : 0.0,
        "timestamp" : 0
      }
    },
    "errorStatsMap" : {
      "TEST" : {
        "name" : "TEST",
        "value" : 0.0,
        "timestamp" : 0
      }
    },
    "extended" : true,
    "keyFormat" : "kafka",
    "valueFormat" : "avro",
    "topic" : "kafka-topic",
    "partitions" : 2,
    "replication" : 1,
    "statement" : "statement",
    "queryOffsetSummaries" : [ ],
    "sourceConstraints" : [ ]
  } ],
  "topics" : [ "a-jdbc-topic" ],
  "warnings" : [ ]
} ]
