[ {
  "@type" : "topicDescription",
  "statementText" : "e",
  "name" : "TestTopic",
  "format" : "AVRO",
  "schemaString" : "schemaString",
  "warnings" : [ ],
  "kafkaTopic" : "TestKafkaTopic"
} ]
