[ {
  "statementText" : "statementText",
  "connectorName" : "connectorName",
  "warnings" : [ ]
} ]
