[ {
  "@type" : "assert_schema",
  "statementText" : "statement",
  "subject" : "abc",
  "id" : 55,
  "exists" : false,
  "warnings" : [ ]
} ]