[ {
  "statementText" : "statementText",
  "errorMessage" : "Not a JSON value! Not a JSON value! Not a JSON value! Not a JSON value! Not a JSON value! Not a JSON value! Not a JSON value! Not a JSON value! Not a JSON value! Not a JSON value! ",
  "warnings" : [ ]
} ]
