[ {
  "statementText" : "statementText",
  "queryId" : "queryId",
  "wasTerminated" : true,
  "warnings" : [ ]
} ]
